Release 12.1 Map M.53d (lin64)
Xilinx Map Application Log File for Design 'system'

Design Information
------------------
Command Line   : map -o system_map.ncd -w -pr b -ol high -timing -detail
system.ngd system.pcf 
Target Device  : xc5vfx70t
Target Package : ff1136
Target Speed   : -1
Mapper Version : virtex5 -- $Revision: 1.52 $
Mapped Date    : Tue Oct  5 14:12:57 2010

vvvvvvvvvvvvvvvvvvvvvvvvvvvvvvvvvvvvvvvvvvvvvvvvvvvvvvvvvvvvvvvvvvvvvv
INFO:Security:67 - XILINXD_LICENSE_FILE is set to
'/opt/Xilinx/12.1/ISE_DS/EDK/data/core_licenses' in /home/aalonso/.flexlmrc.
INFO:Security:56 - Part 'xc5vfx70t' is not a WebPack part.
INFO:Security:66 - Your license for 'ISE' is for evaluation use only.
WARNING:Security:42 - Your license support version '2010.10' for ISE expires in
25 days after which you will not qualify for Xilinx software updates or new
releases.
----------------------------------------------------------------------
Mapping design into LUTs...
WARNING:MapLib:701 - Signal fpga_0_Ethernet_MAC_PHY_col_pin connected to top
   level port fpga_0_Ethernet_MAC_PHY_col_pin has been removed.
Writing file system_map.ngm...
WARNING:Pack:2874 - Trimming timing constraints from pin
   xps_bram_if_cntlr_1_bram/xps_bram_if_cntlr_1_bram/ramb36_0
   of frag REGCLKAU connected to power/ground net
   xps_bram_if_cntlr_1_bram/xps_bram_if_cntlr_1_bram/ramb36_0_REGCLKAU_tiesig
WARNING:Pack:2874 - Trimming timing constraints from pin
   xps_bram_if_cntlr_1_bram/xps_bram_if_cntlr_1_bram/ramb36_0
   of frag REGCLKAL connected to power/ground net
   xps_bram_if_cntlr_1_bram/xps_bram_if_cntlr_1_bram/ramb36_0_REGCLKAL_tiesig
WARNING:Pack:2874 - Trimming timing constraints from pin
   xps_bram_if_cntlr_1_bram/xps_bram_if_cntlr_1_bram/ramb36_1
   of frag REGCLKAU connected to power/ground net
   xps_bram_if_cntlr_1_bram/xps_bram_if_cntlr_1_bram/ramb36_1_REGCLKAU_tiesig
WARNING:Pack:2874 - Trimming timing constraints from pin
   xps_bram_if_cntlr_1_bram/xps_bram_if_cntlr_1_bram/ramb36_1
   of frag REGCLKAL connected to power/ground net
   xps_bram_if_cntlr_1_bram/xps_bram_if_cntlr_1_bram/ramb36_1_REGCLKAL_tiesig
WARNING:Pack:2874 - Trimming timing constraints from pin
   xps_bram_if_cntlr_1_bram/xps_bram_if_cntlr_1_bram/ramb36_10
   of frag REGCLKAU connected to power/ground net
   xps_bram_if_cntlr_1_bram/xps_bram_if_cntlr_1_bram/ramb36_10_REGCLKAU_tiesig
WARNING:Pack:2874 - Trimming timing constraints from pin
   xps_bram_if_cntlr_1_bram/xps_bram_if_cntlr_1_bram/ramb36_10
   of frag REGCLKAL connected to power/ground net
   xps_bram_if_cntlr_1_bram/xps_bram_if_cntlr_1_bram/ramb36_10_REGCLKAL_tiesig
WARNING:Pack:2874 - Trimming timing constraints from pin
   xps_bram_if_cntlr_1_bram/xps_bram_if_cntlr_1_bram/ramb36_11
   of frag REGCLKAU connected to power/ground net
   xps_bram_if_cntlr_1_bram/xps_bram_if_cntlr_1_bram/ramb36_11_REGCLKAU_tiesig
WARNING:Pack:2874 - Trimming timing constraints from pin
   xps_bram_if_cntlr_1_bram/xps_bram_if_cntlr_1_bram/ramb36_11
   of frag REGCLKAL connected to power/ground net
   xps_bram_if_cntlr_1_bram/xps_bram_if_cntlr_1_bram/ramb36_11_REGCLKAL_tiesig
WARNING:Pack:2874 - Trimming timing constraints from pin
   xps_bram_if_cntlr_1_bram/xps_bram_if_cntlr_1_bram/ramb36_12
   of frag REGCLKAU connected to power/ground net
   xps_bram_if_cntlr_1_bram/xps_bram_if_cntlr_1_bram/ramb36_12_REGCLKAU_tiesig
WARNING:Pack:2874 - Trimming timing constraints from pin
   xps_bram_if_cntlr_1_bram/xps_bram_if_cntlr_1_bram/ramb36_12
   of frag REGCLKAL connected to power/ground net
   xps_bram_if_cntlr_1_bram/xps_bram_if_cntlr_1_bram/ramb36_12_REGCLKAL_tiesig
WARNING:Pack:2874 - Trimming timing constraints from pin
   xps_bram_if_cntlr_1_bram/xps_bram_if_cntlr_1_bram/ramb36_13
   of frag REGCLKAU connected to power/ground net
   xps_bram_if_cntlr_1_bram/xps_bram_if_cntlr_1_bram/ramb36_13_REGCLKAU_tiesig
WARNING:Pack:2874 - Trimming timing constraints from pin
   xps_bram_if_cntlr_1_bram/xps_bram_if_cntlr_1_bram/ramb36_13
   of frag REGCLKAL connected to power/ground net
   xps_bram_if_cntlr_1_bram/xps_bram_if_cntlr_1_bram/ramb36_13_REGCLKAL_tiesig
WARNING:Pack:2874 - Trimming timing constraints from pin
   xps_bram_if_cntlr_1_bram/xps_bram_if_cntlr_1_bram/ramb36_14
   of frag REGCLKAU connected to power/ground net
   xps_bram_if_cntlr_1_bram/xps_bram_if_cntlr_1_bram/ramb36_14_REGCLKAU_tiesig
WARNING:Pack:2874 - Trimming timing constraints from pin
   xps_bram_if_cntlr_1_bram/xps_bram_if_cntlr_1_bram/ramb36_14
   of frag REGCLKAL connected to power/ground net
   xps_bram_if_cntlr_1_bram/xps_bram_if_cntlr_1_bram/ramb36_14_REGCLKAL_tiesig
WARNING:Pack:2874 - Trimming timing constraints from pin
   xps_bram_if_cntlr_1_bram/xps_bram_if_cntlr_1_bram/ramb36_15
   of frag REGCLKAU connected to power/ground net
   xps_bram_if_cntlr_1_bram/xps_bram_if_cntlr_1_bram/ramb36_15_REGCLKAU_tiesig
WARNING:Pack:2874 - Trimming timing constraints from pin
   xps_bram_if_cntlr_1_bram/xps_bram_if_cntlr_1_bram/ramb36_15
   of frag REGCLKAL connected to power/ground net
   xps_bram_if_cntlr_1_bram/xps_bram_if_cntlr_1_bram/ramb36_15_REGCLKAL_tiesig
WARNING:Pack:2874 - Trimming timing constraints from pin
   xps_bram_if_cntlr_1_bram/xps_bram_if_cntlr_1_bram/ramb36_2
   of frag REGCLKAU connected to power/ground net
   xps_bram_if_cntlr_1_bram/xps_bram_if_cntlr_1_bram/ramb36_2_REGCLKAU_tiesig
WARNING:Pack:2874 - Trimming timing constraints from pin
   xps_bram_if_cntlr_1_bram/xps_bram_if_cntlr_1_bram/ramb36_2
   of frag REGCLKAL connected to power/ground net
   xps_bram_if_cntlr_1_bram/xps_bram_if_cntlr_1_bram/ramb36_2_REGCLKAL_tiesig
WARNING:Pack:2874 - Trimming timing constraints from pin
   xps_bram_if_cntlr_1_bram/xps_bram_if_cntlr_1_bram/ramb36_3
   of frag REGCLKAU connected to power/ground net
   xps_bram_if_cntlr_1_bram/xps_bram_if_cntlr_1_bram/ramb36_3_REGCLKAU_tiesig
WARNING:Pack:2874 - Trimming timing constraints from pin
   xps_bram_if_cntlr_1_bram/xps_bram_if_cntlr_1_bram/ramb36_3
   of frag REGCLKAL connected to power/ground net
   xps_bram_if_cntlr_1_bram/xps_bram_if_cntlr_1_bram/ramb36_3_REGCLKAL_tiesig
WARNING:Pack:2874 - Trimming timing constraints from pin
   xps_bram_if_cntlr_1_bram/xps_bram_if_cntlr_1_bram/ramb36_4
   of frag REGCLKAU connected to power/ground net
   xps_bram_if_cntlr_1_bram/xps_bram_if_cntlr_1_bram/ramb36_4_REGCLKAU_tiesig
WARNING:Pack:2874 - Trimming timing constraints from pin
   xps_bram_if_cntlr_1_bram/xps_bram_if_cntlr_1_bram/ramb36_4
   of frag REGCLKAL connected to power/ground net
   xps_bram_if_cntlr_1_bram/xps_bram_if_cntlr_1_bram/ramb36_4_REGCLKAL_tiesig
WARNING:Pack:2874 - Trimming timing constraints from pin
   xps_bram_if_cntlr_1_bram/xps_bram_if_cntlr_1_bram/ramb36_5
   of frag REGCLKAU connected to power/ground net
   xps_bram_if_cntlr_1_bram/xps_bram_if_cntlr_1_bram/ramb36_5_REGCLKAU_tiesig
WARNING:Pack:2874 - Trimming timing constraints from pin
   xps_bram_if_cntlr_1_bram/xps_bram_if_cntlr_1_bram/ramb36_5
   of frag REGCLKAL connected to power/ground net
   xps_bram_if_cntlr_1_bram/xps_bram_if_cntlr_1_bram/ramb36_5_REGCLKAL_tiesig
WARNING:Pack:2874 - Trimming timing constraints from pin
   xps_bram_if_cntlr_1_bram/xps_bram_if_cntlr_1_bram/ramb36_6
   of frag REGCLKAU connected to power/ground net
   xps_bram_if_cntlr_1_bram/xps_bram_if_cntlr_1_bram/ramb36_6_REGCLKAU_tiesig
WARNING:Pack:2874 - Trimming timing constraints from pin
   xps_bram_if_cntlr_1_bram/xps_bram_if_cntlr_1_bram/ramb36_6
   of frag REGCLKAL connected to power/ground net
   xps_bram_if_cntlr_1_bram/xps_bram_if_cntlr_1_bram/ramb36_6_REGCLKAL_tiesig
WARNING:Pack:2874 - Trimming timing constraints from pin
   xps_bram_if_cntlr_1_bram/xps_bram_if_cntlr_1_bram/ramb36_7
   of frag REGCLKAU connected to power/ground net
   xps_bram_if_cntlr_1_bram/xps_bram_if_cntlr_1_bram/ramb36_7_REGCLKAU_tiesig
WARNING:Pack:2874 - Trimming timing constraints from pin
   xps_bram_if_cntlr_1_bram/xps_bram_if_cntlr_1_bram/ramb36_7
   of frag REGCLKAL connected to power/ground net
   xps_bram_if_cntlr_1_bram/xps_bram_if_cntlr_1_bram/ramb36_7_REGCLKAL_tiesig
WARNING:Pack:2874 - Trimming timing constraints from pin
   xps_bram_if_cntlr_1_bram/xps_bram_if_cntlr_1_bram/ramb36_8
   of frag REGCLKAU connected to power/ground net
   xps_bram_if_cntlr_1_bram/xps_bram_if_cntlr_1_bram/ramb36_8_REGCLKAU_tiesig
WARNING:Pack:2874 - Trimming timing constraints from pin
   xps_bram_if_cntlr_1_bram/xps_bram_if_cntlr_1_bram/ramb36_8
   of frag REGCLKAL connected to power/ground net
   xps_bram_if_cntlr_1_bram/xps_bram_if_cntlr_1_bram/ramb36_8_REGCLKAL_tiesig
WARNING:Pack:2874 - Trimming timing constraints from pin
   xps_bram_if_cntlr_1_bram/xps_bram_if_cntlr_1_bram/ramb36_9
   of frag REGCLKAU connected to power/ground net
   xps_bram_if_cntlr_1_bram/xps_bram_if_cntlr_1_bram/ramb36_9_REGCLKAU_tiesig
WARNING:Pack:2874 - Trimming timing constraints from pin
   xps_bram_if_cntlr_1_bram/xps_bram_if_cntlr_1_bram/ramb36_9
   of frag REGCLKAL connected to power/ground net
   xps_bram_if_cntlr_1_bram/xps_bram_if_cntlr_1_bram/ramb36_9_REGCLKAL_tiesig
Running directed packing...
WARNING:Pack:2515 - The LUT-1 inverter
   "xps_tft_0/xps_tft_0/TFT_CTRL_I/VSYNC_U3/Clk_stb_inv1_INV_0" failed to join
   the OLOGIC comp matched to output buffer "xps_tft_0_TFT_HSYNC_pin_OBUF". 
   This may result in suboptimal timing.  The LUT-1 inverter
   xps_tft_0/xps_tft_0/TFT_CTRL_I/VSYNC_U3/Clk_stb_inv1_INV_0 drives multiple
   loads.
Running delay-based LUT packing...
Updating timing models...
WARNING:Timing:3223 - Timing constraint TS_MC_RDEN_SEL_MUX = MAXDELAY FROM
   TIMEGRP "TNM_RDEN_SEL_MUX" TO TIMEGRP "TNM_CLK0" TS_MC_CLK * 4 ignored during
   timing analysis.
INFO:Map:215 - The Interim Design Summary has been generated in the MAP Report
   (.mrp).
Running timing-driven placement...
Total REAL time at the beginning of Placer: 41 secs 
Total CPU  time at the beginning of Placer: 38 secs 

Phase 1.1  Initial Placement Analysis
Phase 1.1  Initial Placement Analysis (Checksum:1c0cd8d9) REAL time: 45 secs 

Phase 2.7  Design Feasibility Check
WARNING:Place:838 - An IO Bus with more than one IO standard is found.
   Components associated with this bus are as follows: 
   	 Comp: fpga_0_LEDs_8Bit_GPIO_IO_pin<7>   IOSTANDARD = LVCMOS25
   	 Comp: fpga_0_LEDs_8Bit_GPIO_IO_pin<6>   IOSTANDARD = LVCMOS25
   	 Comp: fpga_0_LEDs_8Bit_GPIO_IO_pin<5>   IOSTANDARD = LVCMOS25
   	 Comp: fpga_0_LEDs_8Bit_GPIO_IO_pin<4>   IOSTANDARD = LVCMOS18
   	 Comp: fpga_0_LEDs_8Bit_GPIO_IO_pin<3>   IOSTANDARD = LVCMOS25
   	 Comp: fpga_0_LEDs_8Bit_GPIO_IO_pin<2>   IOSTANDARD = LVCMOS18
   	 Comp: fpga_0_LEDs_8Bit_GPIO_IO_pin<1>   IOSTANDARD = LVCMOS18
   	 Comp: fpga_0_LEDs_8Bit_GPIO_IO_pin<0>   IOSTANDARD = LVCMOS18


Phase 2.7  Design Feasibility Check (Checksum:1c0cd8d9) REAL time: 46 secs 

Phase 3.31  Local Placement Optimization
Phase 3.31  Local Placement Optimization (Checksum:bc29211c) REAL time: 46 secs 

Phase 4.37  Local Placement Optimization
Phase 4.37  Local Placement Optimization (Checksum:d6c4a766) REAL time: 46 secs 

Phase 5.33  Local Placement Optimization
Phase 5.33  Local Placement Optimization (Checksum:d6c4a766) REAL time: 2 mins 32 secs 

Phase 6.32  Local Placement Optimization
Phase 6.32  Local Placement Optimization (Checksum:d6c4a766) REAL time: 2 mins 33 secs 

Phase 7.2  Initial Clock and IO Placement



There are 16 clock regions on the target FPGA device:
|------------------------------------------|------------------------------------------|
| CLOCKREGION_X0Y7:                        | CLOCKREGION_X1Y7:                        |
|   2 BUFRs available, 0 in use            |   2 BUFRs available, 0 in use            |
|   4 Regional Clock Spines, 0 in use      |   4 Regional Clock Spines, 0 in use      |
|   4 edge BUFIOs available, 0 in use      |   4 edge BUFIOs available, 0 in use      |
|   4 center BUFIOs available, 0 in use    |   0 center BUFIOs available, 0 in use    |
|                                          |                                          |
|------------------------------------------|------------------------------------------|
| CLOCKREGION_X0Y6:                        | CLOCKREGION_X1Y6:                        |
|   2 BUFRs available, 0 in use            |   2 BUFRs available, 0 in use            |
|   4 Regional Clock Spines, 0 in use      |   4 Regional Clock Spines, 0 in use      |
|   4 edge BUFIOs available, 3 in use      |   4 edge BUFIOs available, 0 in use      |
|   0 center BUFIOs available, 0 in use    |   0 center BUFIOs available, 0 in use    |
|                                          |                                          |
|------------------------------------------|------------------------------------------|
| CLOCKREGION_X0Y5:                        | CLOCKREGION_X1Y5:                        |
|   2 BUFRs available, 0 in use            |   2 BUFRs available, 0 in use            |
|   4 Regional Clock Spines, 0 in use      |   4 Regional Clock Spines, 0 in use      |
|   4 edge BUFIOs available, 0 in use      |   4 edge BUFIOs available, 0 in use      |
|   2 center BUFIOs available, 0 in use    |   0 center BUFIOs available, 0 in use    |
|                                          |                                          |
|------------------------------------------|------------------------------------------|
| CLOCKREGION_X0Y4:                        | CLOCKREGION_X1Y4:                        |
|   2 BUFRs available, 0 in use            |   2 BUFRs available, 0 in use            |
|   4 Regional Clock Spines, 0 in use      |   4 Regional Clock Spines, 0 in use      |
|   4 edge BUFIOs available, 0 in use      |   4 edge BUFIOs available, 0 in use      |
|   2 center BUFIOs available, 0 in use    |   0 center BUFIOs available, 0 in use    |
|                                          |                                          |
|------------------------------------------|------------------------------------------|
| CLOCKREGION_X0Y3:                        | CLOCKREGION_X1Y3:                        |
|   2 BUFRs available, 0 in use            |   2 BUFRs available, 0 in use            |
|   4 Regional Clock Spines, 0 in use      |   4 Regional Clock Spines, 0 in use      |
|   4 edge BUFIOs available, 0 in use      |   4 edge BUFIOs available, 0 in use      |
|   2 center BUFIOs available, 0 in use    |   0 center BUFIOs available, 0 in use    |
|                                          |                                          |
|------------------------------------------|------------------------------------------|
| CLOCKREGION_X0Y2:                        | CLOCKREGION_X1Y2:                        |
|   2 BUFRs available, 0 in use            |   2 BUFRs available, 0 in use            |
|   4 Regional Clock Spines, 0 in use      |   4 Regional Clock Spines, 0 in use      |
|   4 edge BUFIOs available, 3 in use      |   4 edge BUFIOs available, 0 in use      |
|   2 center BUFIOs available, 0 in use    |   0 center BUFIOs available, 0 in use    |
|                                          |                                          |
|------------------------------------------|------------------------------------------|
| CLOCKREGION_X0Y1:                        | CLOCKREGION_X1Y1:                        |
|   2 BUFRs available, 0 in use            |   2 BUFRs available, 0 in use            |
|   4 Regional Clock Spines, 0 in use      |   4 Regional Clock Spines, 0 in use      |
|   4 edge BUFIOs available, 2 in use      |   4 edge BUFIOs available, 0 in use      |
|   0 center BUFIOs available, 0 in use    |   0 center BUFIOs available, 0 in use    |
|                                          |                                          |
|------------------------------------------|------------------------------------------|
| CLOCKREGION_X0Y0:                        | CLOCKREGION_X1Y0:                        |
|   2 BUFRs available, 0 in use            |   2 BUFRs available, 0 in use            |
|   4 Regional Clock Spines, 0 in use      |   4 Regional Clock Spines, 0 in use      |
|   4 edge BUFIOs available, 0 in use      |   4 edge BUFIOs available, 0 in use      |
|   4 center BUFIOs available, 0 in use    |   0 center BUFIOs available, 0 in use    |
|                                          |                                          |
|------------------------------------------|------------------------------------------|


Clock-Region: <CLOCKREGION_X0Y1>
  key resource utilizations (used/available): edge-bufios - 2/4; bufrs - 0/2; regional-clock-spines - 0/4
|-----------------------------------------------------------------------------------------------------------------------------------------------------------
|       |    clock    | BRAM |     |    |        |        |       |       |       |      |      |     |      |
|       |    region   | FIFO | DCM | GT | ILOGIC | OLOGIC |   FF  |  LUTM |  LUTL | MULT | EMAC | PPC | PCIe | <- (Types of Resources in Clock Region)
|-------|-------------|------|-----|----|--------|--------|-------|-------|-------|------|------|-----|------|----------------------------------------------
|       | Upper Region|  24  |  2  |  0 |   60   |   60   |  3200 |  1600 |  4800 |   0  |   0  |  0  |   0  | <- Available resources in the upper region
|-------|-------------|------|-----|----|--------|--------|-------|-------|-------|------|------|-----|------|----------------------------------------------
|       |CurrentRegion|  24  |  4  |  0 |   40   |   40   |  3200 |  1600 |  4800 |   0  |   0  |  0  |   0  | <- Available resources in the current region
|-------|-------------|------|-----|----|--------|--------|-------|-------|-------|------|------|-----|------|----------------------------------------------
|       | Lower Region|  24  |  0  |  0 |   80   |   80   |  3200 |  1600 |  4800 |   0  |   0  |  0  |   0  | <- Available resources in the lower region
|-------|-------------|------|-----|----|--------|--------|-------|-------|-------|------|------|-----|------|----------------------------------------------
| clock |    region   |                                                                                      -----------------------------------------------
|  type |  expansion  |                                                                                      | <IO/Regional clock Net Name>
|-------|-------------|------|-----|----|--------|--------|-------|-------|-------|------|------|-----|------|----------------------------------------------
| BUFIO |             |   0  |  0  |  0 |    9   |    0   |     0 |     0 |     0 |   0  |   0  |  0  |   0  | "DDR2_SDRAM/DDR2_SDRAM/u_ddr2_top/u_mem_if_top/u_phy_top/u_phy_io/delayed_dqs<1>"
|-------|-------------|------|-----|----|--------|--------|-------|-------|-------|------|------|-----|------|----------------------------------------------
| BUFIO |             |   0  |  0  |  0 |    9   |    0   |     0 |     0 |     0 |   0  |   0  |  0  |   0  | "DDR2_SDRAM/DDR2_SDRAM/u_ddr2_top/u_mem_if_top/u_phy_top/u_phy_io/delayed_dqs<2>"
|-------|-------------|------|-----|----|--------|--------|-------|-------|-------|------|------|-----|------|----------------------------------------------


Clock-Region: <CLOCKREGION_X0Y2>
  key resource utilizations (used/available): edge-bufios - 3/4; center-bufios - 0/2; bufrs - 0/2; regional-clock-spines - 0/4
|-----------------------------------------------------------------------------------------------------------------------------------------------------------
|       |    clock    | BRAM |     |    |        |        |       |       |       |      |      |     |      |
|       |    region   | FIFO | DCM | GT | ILOGIC | OLOGIC |   FF  |  LUTM |  LUTL | MULT | EMAC | PPC | PCIe | <- (Types of Resources in Clock Region)
|-------|-------------|------|-----|----|--------|--------|-------|-------|-------|------|------|-----|------|----------------------------------------------
|       | Upper Region|   8  |  0  |  0 |   60   |   60   |  1280 |   640 |  1920 |   0  |   0  |  1  |   0  | <- Available resources in the upper region
|-------|-------------|------|-----|----|--------|--------|-------|-------|-------|------|------|-----|------|----------------------------------------------
|       |CurrentRegion|  24  |  2  |  0 |   60   |   60   |  3200 |  1600 |  4800 |   0  |   0  |  0  |   0  | <- Available resources in the current region
|-------|-------------|------|-----|----|--------|--------|-------|-------|-------|------|------|-----|------|----------------------------------------------
|       | Lower Region|  24  |  4  |  0 |   40   |   40   |  3200 |  1600 |  4800 |   0  |   0  |  0  |   0  | <- Available resources in the lower region
|-------|-------------|------|-----|----|--------|--------|-------|-------|-------|------|------|-----|------|----------------------------------------------
| clock |    region   |                                                                                      -----------------------------------------------
|  type |  expansion  |                                                                                      | <IO/Regional clock Net Name>
|-------|-------------|------|-----|----|--------|--------|-------|-------|-------|------|------|-----|------|----------------------------------------------
| BUFIO |             |   0  |  0  |  0 |    9   |    0   |     0 |     0 |     0 |   0  |   0  |  0  |   0  | "DDR2_SDRAM/DDR2_SDRAM/u_ddr2_top/u_mem_if_top/u_phy_top/u_phy_io/delayed_dqs<0>"
|-------|-------------|------|-----|----|--------|--------|-------|-------|-------|------|------|-----|------|----------------------------------------------
| BUFIO |             |   0  |  0  |  0 |    9   |    0   |     0 |     0 |     0 |   0  |   0  |  0  |   0  | "DDR2_SDRAM/DDR2_SDRAM/u_ddr2_top/u_mem_if_top/u_phy_top/u_phy_io/delayed_dqs<4>"
|-------|-------------|------|-----|----|--------|--------|-------|-------|-------|------|------|-----|------|----------------------------------------------
| BUFIO |             |   0  |  0  |  0 |    9   |    0   |     0 |     0 |     0 |   0  |   0  |  0  |   0  | "DDR2_SDRAM/DDR2_SDRAM/u_ddr2_top/u_mem_if_top/u_phy_top/u_phy_io/delayed_dqs<3>"
|-------|-------------|------|-----|----|--------|--------|-------|-------|-------|------|------|-----|------|----------------------------------------------


Clock-Region: <CLOCKREGION_X0Y6>
  key resource utilizations (used/available): edge-bufios - 3/4; bufrs - 0/2; regional-clock-spines - 0/4
|-----------------------------------------------------------------------------------------------------------------------------------------------------------
|       |    clock    | BRAM |     |    |        |        |       |       |       |      |      |     |      |
|       |    region   | FIFO | DCM | GT | ILOGIC | OLOGIC |   FF  |  LUTM |  LUTL | MULT | EMAC | PPC | PCIe | <- (Types of Resources in Clock Region)
|-------|-------------|------|-----|----|--------|--------|-------|-------|-------|------|------|-----|------|----------------------------------------------
|       | Upper Region|  24  |  0  |  0 |   80   |   80   |  3200 |  1600 |  4800 |   0  |   0  |  0  |   0  | <- Available resources in the upper region
|-------|-------------|------|-----|----|--------|--------|-------|-------|-------|------|------|-----|------|----------------------------------------------
|       |CurrentRegion|  24  |  4  |  0 |   40   |   40   |  3200 |  1600 |  4800 |   0  |   0  |  0  |   0  | <- Available resources in the current region
|-------|-------------|------|-----|----|--------|--------|-------|-------|-------|------|------|-----|------|----------------------------------------------
|       | Lower Region|  24  |  2  |  0 |   60   |   60   |  3200 |  1600 |  4800 |   0  |   0  |  0  |   0  | <- Available resources in the lower region
|-------|-------------|------|-----|----|--------|--------|-------|-------|-------|------|------|-----|------|----------------------------------------------
| clock |    region   |                                                                                      -----------------------------------------------
|  type |  expansion  |                                                                                      | <IO/Regional clock Net Name>
|-------|-------------|------|-----|----|--------|--------|-------|-------|-------|------|------|-----|------|----------------------------------------------
| BUFIO |             |   0  |  0  |  0 |    9   |    0   |     0 |     0 |     0 |   0  |   0  |  0  |   0  | "DDR2_SDRAM/DDR2_SDRAM/u_ddr2_top/u_mem_if_top/u_phy_top/u_phy_io/delayed_dqs<7>"
|-------|-------------|------|-----|----|--------|--------|-------|-------|-------|------|------|-----|------|----------------------------------------------
| BUFIO |             |   0  |  0  |  0 |    9   |    0   |     0 |     0 |     0 |   0  |   0  |  0  |   0  | "DDR2_SDRAM/DDR2_SDRAM/u_ddr2_top/u_mem_if_top/u_phy_top/u_phy_io/delayed_dqs<5>"
|-------|-------------|------|-----|----|--------|--------|-------|-------|-------|------|------|-----|------|----------------------------------------------
| BUFIO |             |   0  |  0  |  0 |    9   |    0   |     0 |     0 |     0 |   0  |   0  |  0  |   0  | "DDR2_SDRAM/DDR2_SDRAM/u_ddr2_top/u_mem_if_top/u_phy_top/u_phy_io/delayed_dqs<6>"
|-------|-------------|------|-----|----|--------|--------|-------|-------|-------|------|------|-----|------|----------------------------------------------




######################################################################################
# REGIONAL CLOCKING RESOURCE DISTRIBUTION UCF REPORT:
#
# Number of Regional Clocking Regions in the device: 16  (4 clock spines in each)
# Number of Regional Clock Networks used in this design: 8 (each network can be
# composed of up to 3 clock spines and cover up to 3 regional clock regions)
# 
######################################################################################

# IO-Clock "DDR2_SDRAM/DDR2_SDRAM/u_ddr2_top/u_mem_if_top/u_phy_top/u_phy_io/delayed_dqs<7>" driven by "BUFIO_X0Y27"
INST "DDR2_SDRAM/DDR2_SDRAM/u_ddr2_top/u_mem_if_top/u_phy_top/u_phy_io/gen_dqs[7].u_iob_dqs/u_bufio_dqs" LOC =
"BUFIO_X0Y27" ;
NET "DDR2_SDRAM/DDR2_SDRAM/u_ddr2_top/u_mem_if_top/u_phy_top/u_phy_io/delayed_dqs<7>" TNM_NET =
"TN_DDR2_SDRAM/DDR2_SDRAM/u_ddr2_top/u_mem_if_top/u_phy_top/u_phy_io/delayed_dqs<7>" ;
TIMEGRP "TN_DDR2_SDRAM/DDR2_SDRAM/u_ddr2_top/u_mem_if_top/u_phy_top/u_phy_io/delayed_dqs<7>" AREA_GROUP =
"CLKAG_DDR2_SDRAM/DDR2_SDRAM/u_ddr2_top/u_mem_if_top/u_phy_top/u_phy_io/delayed_dqs<7>" ;
AREA_GROUP "CLKAG_DDR2_SDRAM/DDR2_SDRAM/u_ddr2_top/u_mem_if_top/u_phy_top/u_phy_io/delayed_dqs<7>" RANGE =
CLOCKREGION_X0Y6;


# IO-Clock "DDR2_SDRAM/DDR2_SDRAM/u_ddr2_top/u_mem_if_top/u_phy_top/u_phy_io/delayed_dqs<0>" driven by "BUFIO_X0Y9"
INST "DDR2_SDRAM/DDR2_SDRAM/u_ddr2_top/u_mem_if_top/u_phy_top/u_phy_io/gen_dqs[0].u_iob_dqs/u_bufio_dqs" LOC =
"BUFIO_X0Y9" ;
NET "DDR2_SDRAM/DDR2_SDRAM/u_ddr2_top/u_mem_if_top/u_phy_top/u_phy_io/delayed_dqs<0>" TNM_NET =
"TN_DDR2_SDRAM/DDR2_SDRAM/u_ddr2_top/u_mem_if_top/u_phy_top/u_phy_io/delayed_dqs<0>" ;
TIMEGRP "TN_DDR2_SDRAM/DDR2_SDRAM/u_ddr2_top/u_mem_if_top/u_phy_top/u_phy_io/delayed_dqs<0>" AREA_GROUP =
"CLKAG_DDR2_SDRAM/DDR2_SDRAM/u_ddr2_top/u_mem_if_top/u_phy_top/u_phy_io/delayed_dqs<0>" ;
AREA_GROUP "CLKAG_DDR2_SDRAM/DDR2_SDRAM/u_ddr2_top/u_mem_if_top/u_phy_top/u_phy_io/delayed_dqs<0>" RANGE =
CLOCKREGION_X0Y2;


# IO-Clock "DDR2_SDRAM/DDR2_SDRAM/u_ddr2_top/u_mem_if_top/u_phy_top/u_phy_io/delayed_dqs<4>" driven by "BUFIO_X0Y11"
INST "DDR2_SDRAM/DDR2_SDRAM/u_ddr2_top/u_mem_if_top/u_phy_top/u_phy_io/gen_dqs[4].u_iob_dqs/u_bufio_dqs" LOC =
"BUFIO_X0Y11" ;
NET "DDR2_SDRAM/DDR2_SDRAM/u_ddr2_top/u_mem_if_top/u_phy_top/u_phy_io/delayed_dqs<4>" TNM_NET =
"TN_DDR2_SDRAM/DDR2_SDRAM/u_ddr2_top/u_mem_if_top/u_phy_top/u_phy_io/delayed_dqs<4>" ;
TIMEGRP "TN_DDR2_SDRAM/DDR2_SDRAM/u_ddr2_top/u_mem_if_top/u_phy_top/u_phy_io/delayed_dqs<4>" AREA_GROUP =
"CLKAG_DDR2_SDRAM/DDR2_SDRAM/u_ddr2_top/u_mem_if_top/u_phy_top/u_phy_io/delayed_dqs<4>" ;
AREA_GROUP "CLKAG_DDR2_SDRAM/DDR2_SDRAM/u_ddr2_top/u_mem_if_top/u_phy_top/u_phy_io/delayed_dqs<4>" RANGE =
CLOCKREGION_X0Y2;


# IO-Clock "DDR2_SDRAM/DDR2_SDRAM/u_ddr2_top/u_mem_if_top/u_phy_top/u_phy_io/delayed_dqs<1>" driven by "BUFIO_X0Y4"
INST "DDR2_SDRAM/DDR2_SDRAM/u_ddr2_top/u_mem_if_top/u_phy_top/u_phy_io/gen_dqs[1].u_iob_dqs/u_bufio_dqs" LOC =
"BUFIO_X0Y4" ;
NET "DDR2_SDRAM/DDR2_SDRAM/u_ddr2_top/u_mem_if_top/u_phy_top/u_phy_io/delayed_dqs<1>" TNM_NET =
"TN_DDR2_SDRAM/DDR2_SDRAM/u_ddr2_top/u_mem_if_top/u_phy_top/u_phy_io/delayed_dqs<1>" ;
TIMEGRP "TN_DDR2_SDRAM/DDR2_SDRAM/u_ddr2_top/u_mem_if_top/u_phy_top/u_phy_io/delayed_dqs<1>" AREA_GROUP =
"CLKAG_DDR2_SDRAM/DDR2_SDRAM/u_ddr2_top/u_mem_if_top/u_phy_top/u_phy_io/delayed_dqs<1>" ;
AREA_GROUP "CLKAG_DDR2_SDRAM/DDR2_SDRAM/u_ddr2_top/u_mem_if_top/u_phy_top/u_phy_io/delayed_dqs<1>" RANGE =
CLOCKREGION_X0Y1;


# IO-Clock "DDR2_SDRAM/DDR2_SDRAM/u_ddr2_top/u_mem_if_top/u_phy_top/u_phy_io/delayed_dqs<5>" driven by "BUFIO_X0Y25"
INST "DDR2_SDRAM/DDR2_SDRAM/u_ddr2_top/u_mem_if_top/u_phy_top/u_phy_io/gen_dqs[5].u_iob_dqs/u_bufio_dqs" LOC =
"BUFIO_X0Y25" ;
NET "DDR2_SDRAM/DDR2_SDRAM/u_ddr2_top/u_mem_if_top/u_phy_top/u_phy_io/delayed_dqs<5>" TNM_NET =
"TN_DDR2_SDRAM/DDR2_SDRAM/u_ddr2_top/u_mem_if_top/u_phy_top/u_phy_io/delayed_dqs<5>" ;
TIMEGRP "TN_DDR2_SDRAM/DDR2_SDRAM/u_ddr2_top/u_mem_if_top/u_phy_top/u_phy_io/delayed_dqs<5>" AREA_GROUP =
"CLKAG_DDR2_SDRAM/DDR2_SDRAM/u_ddr2_top/u_mem_if_top/u_phy_top/u_phy_io/delayed_dqs<5>" ;
AREA_GROUP "CLKAG_DDR2_SDRAM/DDR2_SDRAM/u_ddr2_top/u_mem_if_top/u_phy_top/u_phy_io/delayed_dqs<5>" RANGE =
CLOCKREGION_X0Y6;


# IO-Clock "DDR2_SDRAM/DDR2_SDRAM/u_ddr2_top/u_mem_if_top/u_phy_top/u_phy_io/delayed_dqs<2>" driven by "BUFIO_X0Y7"
INST "DDR2_SDRAM/DDR2_SDRAM/u_ddr2_top/u_mem_if_top/u_phy_top/u_phy_io/gen_dqs[2].u_iob_dqs/u_bufio_dqs" LOC =
"BUFIO_X0Y7" ;
NET "DDR2_SDRAM/DDR2_SDRAM/u_ddr2_top/u_mem_if_top/u_phy_top/u_phy_io/delayed_dqs<2>" TNM_NET =
"TN_DDR2_SDRAM/DDR2_SDRAM/u_ddr2_top/u_mem_if_top/u_phy_top/u_phy_io/delayed_dqs<2>" ;
TIMEGRP "TN_DDR2_SDRAM/DDR2_SDRAM/u_ddr2_top/u_mem_if_top/u_phy_top/u_phy_io/delayed_dqs<2>" AREA_GROUP =
"CLKAG_DDR2_SDRAM/DDR2_SDRAM/u_ddr2_top/u_mem_if_top/u_phy_top/u_phy_io/delayed_dqs<2>" ;
AREA_GROUP "CLKAG_DDR2_SDRAM/DDR2_SDRAM/u_ddr2_top/u_mem_if_top/u_phy_top/u_phy_io/delayed_dqs<2>" RANGE =
CLOCKREGION_X0Y1;


# IO-Clock "DDR2_SDRAM/DDR2_SDRAM/u_ddr2_top/u_mem_if_top/u_phy_top/u_phy_io/delayed_dqs<6>" driven by "BUFIO_X0Y26"
INST "DDR2_SDRAM/DDR2_SDRAM/u_ddr2_top/u_mem_if_top/u_phy_top/u_phy_io/gen_dqs[6].u_iob_dqs/u_bufio_dqs" LOC =
"BUFIO_X0Y26" ;
NET "DDR2_SDRAM/DDR2_SDRAM/u_ddr2_top/u_mem_if_top/u_phy_top/u_phy_io/delayed_dqs<6>" TNM_NET =
"TN_DDR2_SDRAM/DDR2_SDRAM/u_ddr2_top/u_mem_if_top/u_phy_top/u_phy_io/delayed_dqs<6>" ;
TIMEGRP "TN_DDR2_SDRAM/DDR2_SDRAM/u_ddr2_top/u_mem_if_top/u_phy_top/u_phy_io/delayed_dqs<6>" AREA_GROUP =
"CLKAG_DDR2_SDRAM/DDR2_SDRAM/u_ddr2_top/u_mem_if_top/u_phy_top/u_phy_io/delayed_dqs<6>" ;
AREA_GROUP "CLKAG_DDR2_SDRAM/DDR2_SDRAM/u_ddr2_top/u_mem_if_top/u_phy_top/u_phy_io/delayed_dqs<6>" RANGE =
CLOCKREGION_X0Y6;


# IO-Clock "DDR2_SDRAM/DDR2_SDRAM/u_ddr2_top/u_mem_if_top/u_phy_top/u_phy_io/delayed_dqs<3>" driven by "BUFIO_X0Y10"
INST "DDR2_SDRAM/DDR2_SDRAM/u_ddr2_top/u_mem_if_top/u_phy_top/u_phy_io/gen_dqs[3].u_iob_dqs/u_bufio_dqs" LOC =
"BUFIO_X0Y10" ;
NET "DDR2_SDRAM/DDR2_SDRAM/u_ddr2_top/u_mem_if_top/u_phy_top/u_phy_io/delayed_dqs<3>" TNM_NET =
"TN_DDR2_SDRAM/DDR2_SDRAM/u_ddr2_top/u_mem_if_top/u_phy_top/u_phy_io/delayed_dqs<3>" ;
TIMEGRP "TN_DDR2_SDRAM/DDR2_SDRAM/u_ddr2_top/u_mem_if_top/u_phy_top/u_phy_io/delayed_dqs<3>" AREA_GROUP =
"CLKAG_DDR2_SDRAM/DDR2_SDRAM/u_ddr2_top/u_mem_if_top/u_phy_top/u_phy_io/delayed_dqs<3>" ;
AREA_GROUP "CLKAG_DDR2_SDRAM/DDR2_SDRAM/u_ddr2_top/u_mem_if_top/u_phy_top/u_phy_io/delayed_dqs<3>" RANGE =
CLOCKREGION_X0Y2;


Phase 7.2  Initial Clock and IO Placement (Checksum:4938d1e9) REAL time: 2 mins 35 secs 

Phase 8.36  Local Placement Optimization
Phase 8.36  Local Placement Optimization (Checksum:4938d1e9) REAL time: 2 mins 35 secs 

Phase 9.30  Global Clock Region Assignment
Phase 9.30  Global Clock Region Assignment (Checksum:4938d1e9) REAL time: 2 mins 35 secs 

Phase 10.3  Local Placement Optimization
Phase 10.3  Local Placement Optimization (Checksum:4938d1e9) REAL time: 2 mins 36 secs 

Phase 11.5  Local Placement Optimization
Phase 11.5  Local Placement Optimization (Checksum:4938d1e9) REAL time: 2 mins 36 secs 

Phase 12.8  Global Placement
............................................................................
...............................................................
....................................................................................................
..............................
..............................
................
Phase 12.8  Global Placement (Checksum:8293cb52) REAL time: 3 mins 19 secs 

Phase 13.29  Local Placement Optimization
Phase 13.29  Local Placement Optimization (Checksum:8293cb52) REAL time: 3 mins 19 secs 

Phase 14.5  Local Placement Optimization
Phase 14.5  Local Placement Optimization (Checksum:8293cb52) REAL time: 3 mins 20 secs 

Phase 15.18  Placement Optimization
Phase 15.18  Placement Optimization (Checksum:621678c6) REAL time: 4 mins 4 secs 

Phase 16.5  Local Placement Optimization
Phase 16.5  Local Placement Optimization (Checksum:621678c6) REAL time: 4 mins 5 secs 

Phase 17.34  Placement Validation
Phase 17.34  Placement Validation (Checksum:621678c6) REAL time: 4 mins 5 secs 

Total REAL time to Placer completion: 4 mins 6 secs 
Total CPU  time to Placer completion: 4 mins 
Running post-placement packing...
Writing output files...
WARNING:PhysDesignRules:372 - Gated clock. Clock net plb2wb_encoder_0/plb2wb_encoder_0/USER_LOGIC_I/slv_error_or0000 is
   sourced by a combinatorial pin. This is not good design practice. Use the CE pin to control the loading of data into
   the flip-flop.
WARNING:PhysDesignRules:372 - Gated clock. Clock net plb2wb_encoder_0/plb2wb_encoder_0/USER_LOGIC_I/rty_en_or0000 is
   sourced by a combinatorial pin. This is not good design practice. Use the CE pin to control the loading of data into
   the flip-flop.
WARNING:PhysDesignRules:372 - Gated clock. Clock net plb2wb_encoder_0/plb2wb_encoder_0/USER_LOGIC_I/wb_cyc_mux0000 is
   sourced by a combinatorial pin. This is not good design practice. Use the CE pin to control the loading of data into
   the flip-flop.
WARNING:PhysDesignRules:372 - Gated clock. Clock net plb2wb_encoder_0/plb2wb_encoder_0/USER_LOGIC_I/wb_cyc_or0000 is
   sourced by a combinatorial pin. This is not good design practice. Use the CE pin to control the loading of data into
   the flip-flop.
WARNING:PhysDesignRules:367 - The signal <xps_bram_if_cntlr_1_port_BRAM_Addr<30>> is incomplete. The signal does not
   drive any load pins in the design.
WARNING:PhysDesignRules:367 - The signal <xps_bram_if_cntlr_1_port_BRAM_Addr<31>> is incomplete. The signal does not
   drive any load pins in the design.

Design Summary
--------------

Design Summary:
Number of errors:      0
Number of warnings:   42
Slice Logic Utilization:
  Number of Slice Registers:                 7,015 out of  44,800   15%
    Number used as Flip Flops:               7,011
    Number used as Latches:                      4
  Number of Slice LUTs:                      6,673 out of  44,800   14%
    Number used as logic:                    6,460 out of  44,800   14%
      Number using O6 output only:           5,858
      Number using O5 output only:             273
      Number using O5 and O6:                  329
    Number used as Memory:                     179 out of  13,120    1%
      Number used as Dual Port RAM:             14
        Number using O6 output only:             6
        Number using O5 and O6:                  8
      Number used as Single Port RAM:            4
        Number using O6 output only:             4
      Number used as Shift Register:           161
        Number using O6 output only:           161
    Number used as exclusive route-thru:        34
  Number of route-thrus:                       310
    Number using O6 output only:               302
    Number using O5 output only:                 3
    Number using O5 and O6:                      5

Slice Logic Distribution:
  Number of occupied Slices:                 4,456 out of  11,200   39%
  Number of LUT Flip Flop pairs used:        9,965
    Number with an unused Flip Flop:         2,950 out of   9,965   29%
    Number with an unused LUT:               3,292 out of   9,965   33%
    Number of fully used LUT-FF pairs:       3,723 out of   9,965   37%
    Number of unique control sets:           1,082
    Number of slice register sites lost
      to control set restrictions:           2,482 out of  44,800    5%

  A LUT Flip Flop pair for this architecture represents one LUT paired with
  one Flip Flop within a slice.  A control set is a unique combination of
  clock, reset, set, and enable signals for a registered element.
  The Slice Logic Distribution report is not meaningful if the design is
  over-mapped for a non-slice resource or if Placement fails.
  OVERMAPPING of BRAM resources should be ignored if the design is
  over-mapped for a non-BRAM resource or if placement fails.

IO Utilization:
  Number of bonded IOBs:                       263 out of     640   41%
    Number of LOCed IOBs:                      263 out of     263  100%
    IOB Flip Flops:                            477

Specific Feature Utilization:
  Number of BlockRAM/FIFO:                      23 out of     148   15%
    Number using BlockRAM only:                 21
    Number using FIFO only:                      2
    Total primitives used:
      Number of 36k BlockRAM used:              21
      Number of 36k FIFO used:                   2
    Total Memory used (KB):                    828 out of   5,328   15%
  Number of BUFG/BUFGCTRLs:                      7 out of      32   21%
    Number used as BUFGs:                        7
  Number of IDELAYCTRLs:                         3 out of      22   13%
  Number of BUFIOs:                              8 out of      80   10%
  Number of PLL_ADVs:                            1 out of       6   16%
  Number of PPC440s:                             1 out of       1  100%

Average Fanout of Non-Clock Nets:                3.44

Peak Memory Usage:  1007 MB
Total REAL time to MAP completion:  4 mins 17 secs 
Total CPU time to MAP completion:   4 mins 11 secs 

Mapping completed.
See MAP report file "system_map.mrp" for details.
