V3 21
FL /opt/Xilinx/12.1/ISE_DS/EDK/hw/XilinxProcessorIPLib/pcores/plbv46_slave_single_v1_01_a/hdl/vhdl/plbv46_slave_single.vhd 2008/11/18.14:10:44 M.53d
EN plbv46_slave_single_v1_01_a/plbv46_slave_single 1286304442 \
      FL /opt/Xilinx/12.1/ISE_DS/EDK/hw/XilinxProcessorIPLib/pcores/plbv46_slave_single_v1_01_a/hdl/vhdl/plbv46_slave_single.vhd \
      PB ieee/std_logic_1164 1270894585 PB ieee/STD_LOGIC_UNSIGNED 1270894587 \
      PB ieee/NUMERIC_STD 1270894586 PB ieee/std_logic_misc 1270894586 \
      LB proc_common_v3_00_a PB proc_common_v3_00_a/proc_common_pkg 1286304421 \
      PB proc_common_v3_00_a/family_support 1286304425 \
      PB proc_common_v3_00_a/ipif_pkg 1286304435 \
      EN proc_common_v3_00_a/or_gate128 1286304432 LB unisim PH unisim/VCOMPONENTS 1270894587 \
      LB plbv46_slave_single_v1_01_a
AR plbv46_slave_single_v1_01_a/plbv46_slave_single/implementation 1286304443 \
      FL /opt/Xilinx/12.1/ISE_DS/EDK/hw/XilinxProcessorIPLib/pcores/plbv46_slave_single_v1_01_a/hdl/vhdl/plbv46_slave_single.vhd \
      EN plbv46_slave_single_v1_01_a/plbv46_slave_single 1286304442 \
      CP std_logic_vector CP plbv46_slave_single_v1_01_a/plb_slave_attachment
FL /opt/Xilinx/12.1/ISE_DS/EDK/hw/XilinxProcessorIPLib/pcores/plbv46_slave_single_v1_01_a/hdl/vhdl/plb_address_decoder.vhd 2008/05/13.15:38:17 M.53d
EN plbv46_slave_single_v1_01_a/plb_address_decoder 1286304436 \
      FL /opt/Xilinx/12.1/ISE_DS/EDK/hw/XilinxProcessorIPLib/pcores/plbv46_slave_single_v1_01_a/hdl/vhdl/plb_address_decoder.vhd \
      PB ieee/std_logic_1164 1270894585 PB ieee/NUMERIC_STD 1270894586 \
      LB proc_common_v3_00_a PB proc_common_v3_00_a/proc_common_pkg 1286304421 \
      EN proc_common_v3_00_a/pselect_f 1286304430 \
      EN proc_common_v3_00_a/or_gate128 1286304432 \
      PB proc_common_v3_00_a/ipif_pkg 1286304435 \
      PB proc_common_v3_00_a/family_support 1286304425 LB unisim \
      PH unisim/VCOMPONENTS 1270894587
AR plbv46_slave_single_v1_01_a/plb_address_decoder/IMP 1286304437 \
      FL /opt/Xilinx/12.1/ISE_DS/EDK/hw/XilinxProcessorIPLib/pcores/plbv46_slave_single_v1_01_a/hdl/vhdl/plb_address_decoder.vhd \
      EN plbv46_slave_single_v1_01_a/plb_address_decoder 1286304436 CP integer \
      CP std_logic_vector CP proc_common_v3_00_a/pselect_f \
      CP proc_common_v3_00_a/or_gate128
FL /opt/Xilinx/12.1/ISE_DS/EDK/hw/XilinxProcessorIPLib/pcores/plbv46_slave_single_v1_01_a/hdl/vhdl/plb_slave_attachment.vhd 2008/05/13.16:29:18 M.53d
EN plbv46_slave_single_v1_01_a/plb_slave_attachment 1286304438 \
      FL /opt/Xilinx/12.1/ISE_DS/EDK/hw/XilinxProcessorIPLib/pcores/plbv46_slave_single_v1_01_a/hdl/vhdl/plb_slave_attachment.vhd \
      PB ieee/std_logic_1164 1270894585 PB ieee/NUMERIC_STD 1270894586 \
      PB ieee/STD_LOGIC_UNSIGNED 1270894587 PB ieee/std_logic_misc 1270894586 \
      LB proc_common_v3_00_a PB proc_common_v3_00_a/proc_common_pkg 1286304421 \
      PB proc_common_v3_00_a/ipif_pkg 1286304435 \
      PB proc_common_v3_00_a/family_support 1286304425 \
      EN proc_common_v3_00_a/counter_f 1286304426 LB unisim PH unisim/VCOMPONENTS 1270894587 \
      LB plbv46_slave_single_v1_01_a
AR plbv46_slave_single_v1_01_a/plb_slave_attachment/implementation 1286304439 \
      FL /opt/Xilinx/12.1/ISE_DS/EDK/hw/XilinxProcessorIPLib/pcores/plbv46_slave_single_v1_01_a/hdl/vhdl/plb_slave_attachment.vhd \
      EN plbv46_slave_single_v1_01_a/plb_slave_attachment 1286304438 CP std_logic \
      CP std_logic_vector CP plbv46_slave_single_v1_01_a/plb_address_decoder \
      CP PLB_ADDR_CNTRL_STATES CP integer CP proc_common_v3_00_a/counter_f
